20:32:35 **** Incremental Build of configuration Debug for project WFE_Button ****
make -j12 all 
arm-none-eabi-gcc "../Core/Src/main.c" -mcpu=cortex-m4 -std=gnu11 -g3 -DDEBUG -DUSE_HAL_DRIVER -DSTM32F446xx -c -I../Core/Inc -I../Drivers/STM32F4xx_HAL_Driver/Inc -I../Drivers/STM32F4xx_HAL_Driver/Inc/Legacy -I../Drivers/CMSIS/Device/ST/STM32F4xx/Include -I../Drivers/CMSIS/Include -O0 -ffunction-sections -fdata-sections -Wall -fstack-usage -MMD -MP -MF"Core/Src/main.d" -MT"Core/Src/main.o" --specs=nano.specs -mfpu=fpv4-sp-d16 -mfloat-abi=hard -mthumb -o "Core/Src/main.o"
arm-none-eabi-gcc -o "WFE_Button.elf" @"objects.list"   -mcpu=cortex-m4 -T"C:\Users\rsamonte\Embedded_Systems\CAN_TIMERS_PWM\My_Workspace_MCU2\WFE_Button\STM32F446RETX_FLASH.ld" --specs=nosys.specs -Wl,-Map="WFE_Button.map" -Wl,--gc-sections -static --specs=nano.specs -mfpu=fpv4-sp-d16 -mfloat-abi=hard -mthumb -Wl,--start-group -lc -lm -Wl,--end-group
Finished building target: WFE_Button.elf
 
arm-none-eabi-size   WFE_Button.elf 
arm-none-eabi-objdump -h -S  WFE_Button.elf  > "WFE_Button.list"
arm-none-eabi-objcopy  -O binary  WFE_Button.elf  "WFE_Button.bin"
   text	   data	    bss	    dec	    hex	filename
  10868	    156	   1668	  12692	   3194	WFE_Button.elf
Finished building: default.size.stdout
 
Finished building: WFE_Button.bin
Finished building: WFE_Button.list
 
 

20:32:36 Build Finished. 0 errors, 0 warnings. (took 1s.149ms)

