main.c:37:5:main	8	static
main.c:77:6:SystemClock_Config_HSE	96	static
main.c:168:6:CAN1_Tx	48	static
main.c:191:6:CAN1_Rx	96	static
main.c:213:6:CAN_Filter_Config	48	static
main.c:233:6:GPIO_Init	32	static
main.c:245:6:UART2_Init	8	static
main.c:264:6:CAN1_Init	8	static
main.c:288:6:HAL_CAN_TxMailbox0CompleteCallback	72	static
main.c:296:6:HAL_CAN_TxMailbox1CompleteCallback	72	static
main.c:305:6:HAL_CAN_TxMailbox2CompleteCallback	72	static
main.c:313:6:HAL_CAN_RxFifo0MsgPendingCallback	104	static
main.c:334:6:HAL_CAN_ErrorCallback	72	static
main.c:343:6:Error_handler	4	static
