../Core/Src/main.c:36:6:printmsg	96	static
../Core/Src/main.c:50:5:main	8	static
../Core/Src/main.c:78:6:SystemClock_Config_HSE	96	static
../Core/Src/main.c:169:6:RTC_Init	8	static
../Core/Src/main.c:187:7:RTC_CalendarConfig	32	static
../Core/Src/main.c:210:6:GPIO_Init	56	static
../Core/Src/main.c:241:6:UART2_Init	8	static
../Core/Src/main.c:263:7:getDayofweek	56	static
../Core/Src/main.c:275:7:HAL_GPIO_EXTI_Callback	64	static
../Core/Src/main.c:297:8:RTC_AlarmConfig	48	static
../Core/Src/main.c:321:8:HAL_RTC_AlarmAEventCallback	40	static
../Core/Src/main.c:340:6:Error_handler	4	static
