main.c:43:5:main	8	static
main.c:84:6:SystemClock_Config_HSE	96	static
main.c:176:6:CAN1_Tx	40	static
main.c:208:6:CAN_Filter_Config	48	static
main.c:230:6:GPIO_Init	40	static
main.c:265:6:TIMER6_Init	8	static
main.c:277:6:UART2_Init	8	static
main.c:296:6:CAN1_Init	8	static
main.c:321:6:HAL_CAN_TxMailbox0CompleteCallback	72	static
main.c:329:6:HAL_CAN_TxMailbox1CompleteCallback	72	static
main.c:337:6:HAL_CAN_TxMailbox2CompleteCallback	72	static
main.c:345:7:HAL_CAN_RxFifo0MsgPendingCallback	80	static
main.c:380:7:HAL_TIM_PeriodElapsedCallback	48	static
main.c:410:7:LED_Manage_Output	16	static
main.c:442:7:Send_response	48	static
main.c:464:6:Error_handler	4	static
